Archive member included because of file (symbol)

/usr/local/CrossPack-AVR-20131216/lib/gcc/avr/4.8.1/avr5/libgcc.a(_udivmodhi4.o)
                              ./DS18B20.o (__udivmodhi4)
/usr/local/CrossPack-AVR-20131216/lib/gcc/avr/4.8.1/avr5/libgcc.a(_exit.o)
                              /usr/local/CrossPack-AVR-20131216/lib/gcc/avr/4.8.1/../../../../avr/lib/avr5/crtm16.o (exit)
/usr/local/CrossPack-AVR-20131216/lib/gcc/avr/4.8.1/avr5/libgcc.a(_tablejump.o)
                              ./LCD.o (__tablejump2__)
/usr/local/CrossPack-AVR-20131216/lib/gcc/avr/4.8.1/avr5/libgcc.a(_copy_data.o)
                              ./DS18B20.o (__do_copy_data)
/usr/local/CrossPack-AVR-20131216/lib/gcc/avr/4.8.1/avr5/libgcc.a(_clear_bss.o)
                              ./DS18B20.o (__do_clear_bss)

Allocating common symbols
Common symbol       size              file

FSM_Staate          0x1               ./LCD.o
Timers              0x14              ./Timers.o
ROM_NO              0x8               ./somthing.o
crc8                0x1               ./DS18B20.o
FSM_Statee          0x1               ./keyboard.o
BroadcastMessages   0xa               ./Messages.o
FSM_State           0x1               ./DS18B20.o
TimersState         0xa               ./Timers.o
LastFamilyDiscrepancy
                    0x1               ./somthing.o
LCD_Pin7            0x1               ./LCD.o
CurrMenuItem        0x2               ./menu.o
LastDeviceFlag      0x1               ./somthing.o
LastDiscrepancy     0x1               ./somthing.o
Messages            0xa               ./Messages.o
WriteFunc           0x2               ./menu.o
AsciiTemp           0xa               ./DS18B20.o
_FSM_State          0x1               ./DS18B20.o

Memory Configuration

Name             Origin             Length             Attributes
text             0x00000000         0x00020000         xr
data             0x00800060         0x0000ffa0         rw !x
eeprom           0x00810000         0x00010000         rw !x
fuse             0x00820000         0x00000400         rw !x
lock             0x00830000         0x00000400         rw !x
signature        0x00840000         0x00000400         rw !x
user_signatures  0x00850000         0x00000400         rw !x
*default*        0x00000000         0xffffffff

Linker script and memory map

LOAD /usr/local/CrossPack-AVR-20131216/lib/gcc/avr/4.8.1/../../../../avr/lib/avr5/crtm16.o
LOAD ./DS18B20.o
LOAD ./LCD.o
LOAD ./Messages.o
LOAD ./Timers.o
LOAD ./keyboard.o
LOAD ./main.o
LOAD ./menu.o
LOAD ./my_uart.o
LOAD ./somthing.o
START GROUP
LOAD /usr/local/CrossPack-AVR-20131216/lib/gcc/avr/4.8.1/avr5/libgcc.a
LOAD /usr/local/CrossPack-AVR-20131216/lib/gcc/avr/4.8.1/../../../../avr/lib/avr5/libm.a
LOAD /usr/local/CrossPack-AVR-20131216/lib/gcc/avr/4.8.1/../../../../avr/lib/avr5/libc.a
END GROUP

.hash
 *(.hash)

.dynsym
 *(.dynsym)

.dynstr
 *(.dynstr)

.gnu.version
 *(.gnu.version)

.gnu.version_d
 *(.gnu.version_d)

.gnu.version_r
 *(.gnu.version_r)

.rel.init
 *(.rel.init)

.rela.init
 *(.rela.init)

.rel.text
 *(.rel.text)
 *(.rel.text.*)
 *(.rel.gnu.linkonce.t*)

.rela.text
 *(.rela.text)
 *(.rela.text.*)
 *(.rela.gnu.linkonce.t*)

.rel.fini
 *(.rel.fini)

.rela.fini
 *(.rela.fini)

.rel.rodata
 *(.rel.rodata)
 *(.rel.rodata.*)
 *(.rel.gnu.linkonce.r*)

.rela.rodata
 *(.rela.rodata)
 *(.rela.rodata.*)
 *(.rela.gnu.linkonce.r*)

.rel.data
 *(.rel.data)
 *(.rel.data.*)
 *(.rel.gnu.linkonce.d*)

.rela.data
 *(.rela.data)
 *(.rela.data.*)
 *(.rela.gnu.linkonce.d*)

.rel.ctors
 *(.rel.ctors)

.rela.ctors
 *(.rela.ctors)

.rel.dtors
 *(.rel.dtors)

.rela.dtors
 *(.rela.dtors)

.rel.got
 *(.rel.got)

.rela.got
 *(.rela.got)

.rel.bss
 *(.rel.bss)

.rela.bss
 *(.rela.bss)

.rel.plt
 *(.rel.plt)

.rela.plt
 *(.rela.plt)

.text           0x00000000     0x13e6
 *(.vectors)
 .vectors       0x00000000       0x54 /usr/local/CrossPack-AVR-20131216/lib/gcc/avr/4.8.1/../../../../avr/lib/avr5/crtm16.o
                0x00000000                __vectors
                0x00000000                __vector_default
 *(.vectors)
 *(.progmem.gcc*)
 .progmem.gcc_sw_table.LCD_ProcessFSM
                0x00000054       0x16 ./LCD.o
                0x0000006a                . = ALIGN (0x2)
                0x0000006a                __trampolines_start = .
 *(.trampolines)
 .trampolines   0x0000006a        0x0 linker stubs
 *(.trampolines*)
                0x0000006a                __trampolines_end = .
 *(.progmem*)
 .progmem.data.dscrc_table
                0x0000006a      0x100 ./DS18B20.o
                0x0000006a                dscrc_table
 .progmem.data.__c.1997
                0x0000016a       0x11 ./LCD.o
 .progmem.data.__c.1973
                0x0000017b        0x6 ./LCD.o
 .progmem.data.__c.1970
                0x00000181        0x6 ./LCD.o
 .progmem.data.__c.1950
                0x00000187        0x2 ./LCD.o
 .progmem.data.__c.1948
                0x00000189        0xf ./LCD.o
 .progmem.data.__c.1881
                0x00000198       0x1a ./LCD.o
 .progmem.data.x5
                0x000001b2       0x11 ./menu.o
                0x000001b2                x5
 .progmem.data.x4
                0x000001c3       0x1d ./menu.o
                0x000001c3                x4
 .progmem.data.x3
                0x000001e0       0x19 ./menu.o
                0x000001e0                x3
 .progmem.data.x2y5
                0x000001f9       0x1d ./menu.o
                0x000001f9                x2y5
 .progmem.data.x2y4
                0x00000216       0x1a ./menu.o
                0x00000216                x2y4
 .progmem.data.x2y3
                0x00000230       0x1d ./menu.o
                0x00000230                x2y3
 .progmem.data.x2y2
                0x0000024d       0x1b ./menu.o
                0x0000024d                x2y2
 .progmem.data.x2y1
                0x00000268       0x18 ./menu.o
                0x00000268                x2y1
 .progmem.data.x2
                0x00000280       0x1d ./menu.o
                0x00000280                x2
 .progmem.data.x1y4
                0x0000029d       0x1d ./menu.o
                0x0000029d                x1y4
 .progmem.data.x1y3
                0x000002ba       0x1d ./menu.o
                0x000002ba                x1y3
 .progmem.data.x1y2z4
                0x000002d7       0x15 ./menu.o
                0x000002d7                x1y2z4
 .progmem.data.x1y2z3
                0x000002ec       0x15 ./menu.o
                0x000002ec                x1y2z3
 .progmem.data.x1y2z2
                0x00000301       0x15 ./menu.o
                0x00000301                x1y2z2
 .progmem.data.x1y2z1
                0x00000316       0x14 ./menu.o
                0x00000316                x1y2z1
 .progmem.data.x1y2
                0x0000032a       0x1d ./menu.o
                0x0000032a                x1y2
 .progmem.data.x1y1z2
                0x00000347       0x15 ./menu.o
                0x00000347                x1y1z2
 .progmem.data.x1y1z1
                0x0000035c       0x14 ./menu.o
                0x0000035c                x1y1z1
 .progmem.data.x1y1
                0x00000370       0x1d ./menu.o
                0x00000370                x1y1
 .progmem.data.x1
                0x0000038d       0x1d ./menu.o
                0x0000038d                x1
 .progmem.data.Null_Menu
                0x000003aa       0x10 ./menu.o
                0x000003aa                Null_Menu
                0x000003ba                . = ALIGN (0x2)
 *(.jumptables)
 *(.jumptables*)
 *(.lowtext)
 *(.lowtext*)
                0x000003ba                __ctors_start = .
 *(.ctors)
                0x000003ba                __ctors_end = .
                0x000003ba                __dtors_start = .
 *(.dtors)
                0x000003ba                __dtors_end = .
 SORT(*)(.ctors)
 SORT(*)(.dtors)
 *(.init0)
 .init0         0x000003ba        0x0 /usr/local/CrossPack-AVR-20131216/lib/gcc/avr/4.8.1/../../../../avr/lib/avr5/crtm16.o
                0x000003ba                __init
 *(.init0)
 *(.init1)
 *(.init1)
 *(.init2)
 .init2         0x000003ba        0xc /usr/local/CrossPack-AVR-20131216/lib/gcc/avr/4.8.1/../../../../avr/lib/avr5/crtm16.o
 *(.init2)
 *(.init3)
 *(.init3)
 *(.init4)
 .init4         0x000003c6       0x16 /usr/local/CrossPack-AVR-20131216/lib/gcc/avr/4.8.1/avr5/libgcc.a(_copy_data.o)
                0x000003c6                __do_copy_data
 .init4         0x000003dc       0x10 /usr/local/CrossPack-AVR-20131216/lib/gcc/avr/4.8.1/avr5/libgcc.a(_clear_bss.o)
                0x000003dc                __do_clear_bss
 *(.init4)
 *(.init5)
 *(.init5)
 *(.init6)
 *(.init6)
 *(.init7)
 *(.init7)
 *(.init8)
 *(.init8)
 *(.init9)
 .init9         0x000003ec        0x8 /usr/local/CrossPack-AVR-20131216/lib/gcc/avr/4.8.1/../../../../avr/lib/avr5/crtm16.o
 *(.init9)
 *(.text)
 .text          0x000003f4        0x4 /usr/local/CrossPack-AVR-20131216/lib/gcc/avr/4.8.1/../../../../avr/lib/avr5/crtm16.o
                0x000003f4                __vector_20
                0x000003f4                __vector_12
                0x000003f4                __bad_interrupt
                0x000003f4                __vector_6
                0x000003f4                __vector_3
                0x000003f4                __vector_13
                0x000003f4                __vector_17
                0x000003f4                __vector_19
                0x000003f4                __vector_7
                0x000003f4                __vector_5
                0x000003f4                __vector_9
                0x000003f4                __vector_2
                0x000003f4                __vector_15
                0x000003f4                __vector_8
                0x000003f4                __vector_14
                0x000003f4                __vector_10
                0x000003f4                __vector_16
                0x000003f4                __vector_18
                0x000003f4                __vector_1
 .text          0x000003f8        0x0 ./DS18B20.o
 .text          0x000003f8        0x0 ./LCD.o
 .text          0x000003f8        0x0 ./Messages.o
 .text          0x000003f8        0x0 ./Timers.o
 .text          0x000003f8        0x0 ./keyboard.o
 .text          0x000003f8        0x0 ./main.o
 .text          0x000003f8        0x0 ./menu.o
 .text          0x000003f8        0x0 ./my_uart.o
 .text          0x000003f8        0x0 ./somthing.o
 .text          0x000003f8        0x0 /usr/local/CrossPack-AVR-20131216/lib/gcc/avr/4.8.1/avr5/libgcc.a(_udivmodhi4.o)
 .text          0x000003f8        0x0 /usr/local/CrossPack-AVR-20131216/lib/gcc/avr/4.8.1/avr5/libgcc.a(_exit.o)
 .text          0x000003f8        0x0 /usr/local/CrossPack-AVR-20131216/lib/gcc/avr/4.8.1/avr5/libgcc.a(_tablejump.o)
 .text          0x000003f8        0x0 /usr/local/CrossPack-AVR-20131216/lib/gcc/avr/4.8.1/avr5/libgcc.a(_copy_data.o)
 .text          0x000003f8        0x0 /usr/local/CrossPack-AVR-20131216/lib/gcc/avr/4.8.1/avr5/libgcc.a(_clear_bss.o)
                0x000003f8                . = ALIGN (0x2)
 *(.text.*)
 .text.DS_Reset
                0x000003f8       0x42 ./DS18B20.o
                0x000003f8                DS_Reset
 .text.DS_WriteBit
                0x0000043a       0x34 ./DS18B20.o
                0x0000043a                DS_WriteBit
 .text.DS_WriteByte
                0x0000046e       0x40 ./DS18B20.o
                0x0000046e                DS_WriteByte
 .text.DS_ReadBit
                0x000004ae       0x26 ./DS18B20.o
                0x000004ae                DS_ReadBit
 .text.DS_ReadByte
                0x000004d4       0x30 ./DS18B20.o
                0x000004d4                DS_ReadByte
 .text.DS_MeasureTemp
                0x00000504       0x14 ./DS18B20.o
                0x00000504                DS_MeasureTemp
 .text.DS_GetTemp
                0x00000518       0x78 ./DS18B20.o
                0x00000518                DS_GetTemp
 .text.DS_GetAsciiTemp
                0x00000590       0x90 ./DS18B20.o
                0x00000590                DS_GetAsciiTemp
 .text.DS_Start
                0x00000620        0x6 ./DS18B20.o
                0x00000620                DS_Start
 .text.DS_Stop  0x00000626        0x8 ./DS18B20.o
                0x00000626                DS_Stop
 .text.DS_CheckCRC
                0x0000062e       0x2c ./DS18B20.o
                0x0000062e                DS_CheckCRC
 .text.DS_ReadROM
                0x0000065a       0x86 ./DS18B20.o
                0x0000065a                DS_ReadROM
 .text.DS_InitFSM
                0x000006e0        0x6 ./DS18B20.o
                0x000006e0                DS_InitFSM
 .text.DS_ProcessFSM
                0x000006e6       0x92 ./DS18B20.o
                0x000006e6                DS_ProcessFSM
 .text.LCD_WriteByte
                0x00000778       0xc4 ./LCD.o
                0x00000778                LCD_WriteByte
 .text.LCD_WriteCmd
                0x0000083c        0x6 ./LCD.o
                0x0000083c                LCD_WriteCmd
 .text.LCD_WriteData
                0x00000842        0x6 ./LCD.o
                0x00000842                LCD_WriteData
 .text.LCD_WriteString
                0x00000848       0x34 ./LCD.o
                0x00000848                LCD_WriteString
 .text.LCD_WriteStringFlash
                0x0000087c       0x4e ./LCD.o
                0x0000087c                LCD_WriteStringFlash
 .text.LCD_init
                0x000008ca       0xec ./LCD.o
                0x000008ca                LCD_init
 .text.LCD_ReadCursor
                0x000009b6       0x94 ./LCD.o
                0x000009b6                LCD_ReadCursor
 .text.LCD_GotoXY
                0x00000a4a       0x10 ./LCD.o
                0x00000a4a                LCD_GotoXY
 .text.LCD_MakeSymbol
                0x00000a5a       0x44 ./LCD.o
                0x00000a5a                LCD_MakeSymbol
 .text.LCD_ShowTemp
                0x00000a9e       0x2a ./LCD.o
                0x00000a9e                LCD_ShowTemp
 .text.LCD_InitFSM
                0x00000ac8        0xa ./LCD.o
                0x00000ac8                LCD_InitFSM
 .text.LCD_ProcessFSM
                0x00000ad2      0x1ce ./LCD.o
                0x00000ad2                LCD_ProcessFSM
 .text.InitMessages
                0x00000ca0       0x1e ./Messages.o
                0x00000ca0                InitMessages
 .text.SendMessage
                0x00000cbe        0xe ./Messages.o
                0x00000cbe                SendMessage
 .text.SendBroadcastMessage
                0x00000ccc        0xe ./Messages.o
                0x00000ccc                SendBroadcastMessage
 .text.ProcessMessages
                0x00000cda       0x42 ./Messages.o
                0x00000cda                ProcessMessages
 .text.GetMessage
                0x00000d1c       0x18 ./Messages.o
                0x00000d1c                GetMessage
 .text.GetBroadcastMessage
                0x00000d34       0x14 ./Messages.o
                0x00000d34                GetBroadcastMessage
 .text.InitTimers
                0x00000d48       0x18 ./Timers.o
                0x00000d48                InitTimers
 .text.GetTimer
                0x00000d60       0x12 ./Timers.o
                0x00000d60                GetTimer
 .text.ResetTimer
                0x00000d72       0x12 ./Timers.o
                0x00000d72                ResetTimer
 .text.StartTimer
                0x00000d84       0x22 ./Timers.o
                0x00000d84                StartTimer
 .text.StopTimer
                0x00000da6        0xc ./Timers.o
                0x00000da6                StopTimer
 .text.PauseTimer
                0x00000db2       0x14 ./Timers.o
                0x00000db2                PauseTimer
 .text.ResumeTimer
                0x00000dc6       0x14 ./Timers.o
                0x00000dc6                ResumeTimer
 .text.ProcessTimers
                0x00000dda       0xc2 ./Timers.o
                0x00000dda                ProcessTimers
 .text.Keyb_InitFSM
                0x00000e9c       0x1e ./keyboard.o
                0x00000e9c                Keyb_InitFSM
 .text.Keyb_Scan
                0x00000eba       0x34 ./keyboard.o
                0x00000eba                Keyb_Scan
 .text.Keyb_GetScancode
                0x00000eee       0x18 ./keyboard.o
                0x00000eee                Keyb_GetScancode
 .text.Keyb_ProcessFSM
                0x00000f06       0xca ./keyboard.o
                0x00000f06                Keyb_ProcessFSM
 .text.__vector_4
                0x00000fd0       0x48 ./main.o
                0x00000fd0                __vector_4
 .text.startup.main
                0x00001018       0x4c ./main.o
                0x00001018                main
 .text.ds_9bit  0x00001064       0x38 ./menu.o
                0x00001064                ds_9bit
 .text.ds_10bit
                0x0000109c       0x38 ./menu.o
                0x0000109c                ds_10bit
 .text.ds_11bit
                0x000010d4       0x38 ./menu.o
                0x000010d4                ds_11bit
 .text.ds_12bit
                0x0000110c       0x38 ./menu.o
                0x0000110c                ds_12bit
 .text.ds_1sec  0x00001144       0x12 ./menu.o
                0x00001144                ds_1sec
 .text.ds_5sec  0x00001156       0x12 ./menu.o
                0x00001156                ds_5sec
 .text.menu_exit
                0x00001168        0x6 ./menu.o
                0x00001168                menu_exit
 .text.cursor1  0x0000116e        0xc ./menu.o
                0x0000116e                cursor1
 .text.cursor2  0x0000117a        0xc ./menu.o
                0x0000117a                cursor2
 .text.cursor3  0x00001186        0xc ./menu.o
                0x00001186                cursor3
 .text.cursor4  0x00001192        0xc ./menu.o
                0x00001192                cursor4
 .text.MenuFunc
                0x0000119e        0xa ./menu.o
                0x0000119e                MenuFunc
 .text.MenuChange
                0x000011a8       0x30 ./menu.o
                0x000011a8                MenuChange
 .text.__vector_11
                0x000011d8       0x14 ./my_uart.o
                0x000011d8                __vector_11
 .text.UART_Init
                0x000011ec        0xe ./my_uart.o
                0x000011ec                UART_Init
 .text.UART_TxChar
                0x000011fa        0x8 ./my_uart.o
                0x000011fa                UART_TxChar
 .text.UART_TxString
                0x00001202       0x18 ./my_uart.o
                0x00001202                UART_TxString
 .text.UART_TxStringFlash
                0x0000121a       0x44 ./my_uart.o
                0x0000121a                UART_TxStringFlash
 .text.docrc8   0x0000125e       0x14 ./somthing.o
                0x0000125e                docrc8
 .text.DS_SearchROM
                0x00001272       0xfe ./somthing.o
                0x00001272                DS_SearchROM
 .text.First    0x00001370       0x10 ./somthing.o
                0x00001370                First
 .text.DS_SearchAllDevices
                0x00001380       0x2a ./somthing.o
                0x00001380                DS_SearchAllDevices
 .text.Next     0x000013aa        0x4 ./somthing.o
                0x000013aa                Next
 .text.libgcc.mul
                0x000013ae        0x0 /usr/local/CrossPack-AVR-20131216/lib/gcc/avr/4.8.1/avr5/libgcc.a(_udivmodhi4.o)
 .text.libgcc.div
                0x000013ae       0x28 /usr/local/CrossPack-AVR-20131216/lib/gcc/avr/4.8.1/avr5/libgcc.a(_udivmodhi4.o)
                0x000013ae                __udivmodhi4
 .text.libgcc   0x000013d6        0x0 /usr/local/CrossPack-AVR-20131216/lib/gcc/avr/4.8.1/avr5/libgcc.a(_udivmodhi4.o)
 .text.libgcc.prologue
                0x000013d6        0x0 /usr/local/CrossPack-AVR-20131216/lib/gcc/avr/4.8.1/avr5/libgcc.a(_udivmodhi4.o)
 .text.libgcc.builtins
                0x000013d6        0x0 /usr/local/CrossPack-AVR-20131216/lib/gcc/avr/4.8.1/avr5/libgcc.a(_udivmodhi4.o)
 .text.libgcc.fmul
                0x000013d6        0x0 /usr/local/CrossPack-AVR-20131216/lib/gcc/avr/4.8.1/avr5/libgcc.a(_udivmodhi4.o)
 .text.libgcc.fixed
                0x000013d6        0x0 /usr/local/CrossPack-AVR-20131216/lib/gcc/avr/4.8.1/avr5/libgcc.a(_udivmodhi4.o)
 .text.libgcc.mul
                0x000013d6        0x0 /usr/local/CrossPack-AVR-20131216/lib/gcc/avr/4.8.1/avr5/libgcc.a(_exit.o)
 .text.libgcc.div
                0x000013d6        0x0 /usr/local/CrossPack-AVR-20131216/lib/gcc/avr/4.8.1/avr5/libgcc.a(_exit.o)
 .text.libgcc   0x000013d6        0x0 /usr/local/CrossPack-AVR-20131216/lib/gcc/avr/4.8.1/avr5/libgcc.a(_exit.o)
 .text.libgcc.prologue
                0x000013d6        0x0 /usr/local/CrossPack-AVR-20131216/lib/gcc/avr/4.8.1/avr5/libgcc.a(_exit.o)
 .text.libgcc.builtins
                0x000013d6        0x0 /usr/local/CrossPack-AVR-20131216/lib/gcc/avr/4.8.1/avr5/libgcc.a(_exit.o)
 .text.libgcc.fmul
                0x000013d6        0x0 /usr/local/CrossPack-AVR-20131216/lib/gcc/avr/4.8.1/avr5/libgcc.a(_exit.o)
 .text.libgcc.fixed
                0x000013d6        0x0 /usr/local/CrossPack-AVR-20131216/lib/gcc/avr/4.8.1/avr5/libgcc.a(_exit.o)
 .text.libgcc.mul
                0x000013d6        0x0 /usr/local/CrossPack-AVR-20131216/lib/gcc/avr/4.8.1/avr5/libgcc.a(_tablejump.o)
 .text.libgcc.div
                0x000013d6        0x0 /usr/local/CrossPack-AVR-20131216/lib/gcc/avr/4.8.1/avr5/libgcc.a(_tablejump.o)
 .text.libgcc   0x000013d6        0xc /usr/local/CrossPack-AVR-20131216/lib/gcc/avr/4.8.1/avr5/libgcc.a(_tablejump.o)
                0x000013d6                __tablejump2__
                0x000013da                __tablejump__
 .text.libgcc.prologue
                0x000013e2        0x0 /usr/local/CrossPack-AVR-20131216/lib/gcc/avr/4.8.1/avr5/libgcc.a(_tablejump.o)
 .text.libgcc.builtins
                0x000013e2        0x0 /usr/local/CrossPack-AVR-20131216/lib/gcc/avr/4.8.1/avr5/libgcc.a(_tablejump.o)
 .text.libgcc.fmul
                0x000013e2        0x0 /usr/local/CrossPack-AVR-20131216/lib/gcc/avr/4.8.1/avr5/libgcc.a(_tablejump.o)
 .text.libgcc.fixed
                0x000013e2        0x0 /usr/local/CrossPack-AVR-20131216/lib/gcc/avr/4.8.1/avr5/libgcc.a(_tablejump.o)
 .text.libgcc.mul
                0x000013e2        0x0 /usr/local/CrossPack-AVR-20131216/lib/gcc/avr/4.8.1/avr5/libgcc.a(_copy_data.o)
 .text.libgcc.div
                0x000013e2        0x0 /usr/local/CrossPack-AVR-20131216/lib/gcc/avr/4.8.1/avr5/libgcc.a(_copy_data.o)
 .text.libgcc   0x000013e2        0x0 /usr/local/CrossPack-AVR-20131216/lib/gcc/avr/4.8.1/avr5/libgcc.a(_copy_data.o)
 .text.libgcc.prologue
                0x000013e2        0x0 /usr/local/CrossPack-AVR-20131216/lib/gcc/avr/4.8.1/avr5/libgcc.a(_copy_data.o)
 .text.libgcc.builtins
                0x000013e2        0x0 /usr/local/CrossPack-AVR-20131216/lib/gcc/avr/4.8.1/avr5/libgcc.a(_copy_data.o)
 .text.libgcc.fmul
                0x000013e2        0x0 /usr/local/CrossPack-AVR-20131216/lib/gcc/avr/4.8.1/avr5/libgcc.a(_copy_data.o)
 .text.libgcc.fixed
                0x000013e2        0x0 /usr/local/CrossPack-AVR-20131216/lib/gcc/avr/4.8.1/avr5/libgcc.a(_copy_data.o)
 .text.libgcc.mul
                0x000013e2        0x0 /usr/local/CrossPack-AVR-20131216/lib/gcc/avr/4.8.1/avr5/libgcc.a(_clear_bss.o)
 .text.libgcc.div
                0x000013e2        0x0 /usr/local/CrossPack-AVR-20131216/lib/gcc/avr/4.8.1/avr5/libgcc.a(_clear_bss.o)
 .text.libgcc   0x000013e2        0x0 /usr/local/CrossPack-AVR-20131216/lib/gcc/avr/4.8.1/avr5/libgcc.a(_clear_bss.o)
 .text.libgcc.prologue
                0x000013e2        0x0 /usr/local/CrossPack-AVR-20131216/lib/gcc/avr/4.8.1/avr5/libgcc.a(_clear_bss.o)
 .text.libgcc.builtins
                0x000013e2        0x0 /usr/local/CrossPack-AVR-20131216/lib/gcc/avr/4.8.1/avr5/libgcc.a(_clear_bss.o)
 .text.libgcc.fmul
                0x000013e2        0x0 /usr/local/CrossPack-AVR-20131216/lib/gcc/avr/4.8.1/avr5/libgcc.a(_clear_bss.o)
 .text.libgcc.fixed
                0x000013e2        0x0 /usr/local/CrossPack-AVR-20131216/lib/gcc/avr/4.8.1/avr5/libgcc.a(_clear_bss.o)
                0x000013e2                . = ALIGN (0x2)
 *(.fini9)
 .fini9         0x000013e2        0x0 /usr/local/CrossPack-AVR-20131216/lib/gcc/avr/4.8.1/avr5/libgcc.a(_exit.o)
                0x000013e2                exit
                0x000013e2                _exit
 *(.fini9)
 *(.fini8)
 *(.fini8)
 *(.fini7)
 *(.fini7)
 *(.fini6)
 *(.fini6)
 *(.fini5)
 *(.fini5)
 *(.fini4)
 *(.fini4)
 *(.fini3)
 *(.fini3)
 *(.fini2)
 *(.fini2)
 *(.fini1)
 *(.fini1)
 *(.fini0)
 .fini0         0x000013e2        0x4 /usr/local/CrossPack-AVR-20131216/lib/gcc/avr/4.8.1/avr5/libgcc.a(_exit.o)
 *(.fini0)
                0x000013e6                _etext = .

.data           0x00800060       0x3a load address 0x000013e6
                0x00800060                PROVIDE (__data_start, .)
 *(.data)
 .data          0x00800060        0x0 /usr/local/CrossPack-AVR-20131216/lib/gcc/avr/4.8.1/../../../../avr/lib/avr5/crtm16.o
 .data          0x00800060        0x0 ./DS18B20.o
 .data          0x00800060        0x0 ./LCD.o
 .data          0x00800060        0x0 ./Messages.o
 .data          0x00800060        0x0 ./Timers.o
 .data          0x00800060        0x0 ./keyboard.o
 .data          0x00800060        0x0 ./main.o
 .data          0x00800060        0x0 ./menu.o
 .data          0x00800060        0x0 ./my_uart.o
 .data          0x00800060        0x0 ./somthing.o
 .data          0x00800060        0x0 /usr/local/CrossPack-AVR-20131216/lib/gcc/avr/4.8.1/avr5/libgcc.a(_udivmodhi4.o)
 .data          0x00800060        0x0 /usr/local/CrossPack-AVR-20131216/lib/gcc/avr/4.8.1/avr5/libgcc.a(_exit.o)
 .data          0x00800060        0x0 /usr/local/CrossPack-AVR-20131216/lib/gcc/avr/4.8.1/avr5/libgcc.a(_tablejump.o)
 .data          0x00800060        0x0 /usr/local/CrossPack-AVR-20131216/lib/gcc/avr/4.8.1/avr5/libgcc.a(_copy_data.o)
 .data          0x00800060        0x0 /usr/local/CrossPack-AVR-20131216/lib/gcc/avr/4.8.1/avr5/libgcc.a(_clear_bss.o)
 *(.data*)
 .data.ds_convert_period
                0x00800060        0x1 ./DS18B20.o
                0x00800060                ds_convert_period
 .data.ds_refresh_period
                0x00800061        0x2 ./DS18B20.o
                0x00800061                ds_refresh_period
 .data.LCD_BacklightTimeout
                0x00800063        0x2 ./LCD.o
                0x00800063                LCD_BacklightTimeout
 .data.LCD_DataMask
                0x00800065        0x1 ./LCD.o
                0x00800065                LCD_DataMask
 *(.rodata)
 *(.rodata*)
 .rodata.CSWTCH.10
                0x00800066       0x34 ./keyboard.o
 *(.gnu.linkonce.d*)
                0x0080009a                . = ALIGN (0x2)
                0x0080009a                _edata = .
                0x0080009a                PROVIDE (__data_end, .)

.bss            0x0080009a       0x53
                0x0080009a                PROVIDE (__bss_start, .)
 *(.bss)
 .bss           0x0080009a        0x0 /usr/local/CrossPack-AVR-20131216/lib/gcc/avr/4.8.1/../../../../avr/lib/avr5/crtm16.o
 .bss           0x0080009a        0x0 ./DS18B20.o
 .bss           0x0080009a        0x0 ./LCD.o
 .bss           0x0080009a        0x0 ./Messages.o
 .bss           0x0080009a        0x0 ./Timers.o
 .bss           0x0080009a        0x0 ./keyboard.o
 .bss           0x0080009a        0x0 ./main.o
 .bss           0x0080009a        0x0 ./menu.o
 .bss           0x0080009a        0x0 ./my_uart.o
 .bss           0x0080009a        0x0 ./somthing.o
 .bss           0x0080009a        0x0 /usr/local/CrossPack-AVR-20131216/lib/gcc/avr/4.8.1/avr5/libgcc.a(_udivmodhi4.o)
 .bss           0x0080009a        0x0 /usr/local/CrossPack-AVR-20131216/lib/gcc/avr/4.8.1/avr5/libgcc.a(_exit.o)
 .bss           0x0080009a        0x0 /usr/local/CrossPack-AVR-20131216/lib/gcc/avr/4.8.1/avr5/libgcc.a(_tablejump.o)
 .bss           0x0080009a        0x0 /usr/local/CrossPack-AVR-20131216/lib/gcc/avr/4.8.1/avr5/libgcc.a(_copy_data.o)
 .bss           0x0080009a        0x0 /usr/local/CrossPack-AVR-20131216/lib/gcc/avr/4.8.1/avr5/libgcc.a(_clear_bss.o)
 *(.bss*)
 .bss.scancode  0x0080009a        0x1 ./keyboard.o
                0x0080009a                scancode
 .bss._scancode
                0x0080009b        0x1 ./keyboard.o
                0x0080009b                _scancode
 *(COMMON)
 COMMON         0x0080009c        0xd ./DS18B20.o
                0x0080009c                crc8
                0x0080009d                FSM_State
                0x0080009e                AsciiTemp
                0x008000a8                _FSM_State
 COMMON         0x008000a9        0x2 ./LCD.o
                0x008000a9                FSM_Staate
                0x008000aa                LCD_Pin7
 COMMON         0x008000ab       0x14 ./Messages.o
                0x008000ab                BroadcastMessages
                0x008000b5                Messages
 COMMON         0x008000bf       0x1e ./Timers.o
                0x008000bf                Timers
                0x008000d3                TimersState
 COMMON         0x008000dd        0x1 ./keyboard.o
                0x008000dd                FSM_Statee
 COMMON         0x008000de        0x4 ./menu.o
                0x008000de                CurrMenuItem
                0x008000e0                WriteFunc
 COMMON         0x008000e2        0xb ./somthing.o
                0x008000e2                ROM_NO
                0x008000ea                LastFamilyDiscrepancy
                0x008000eb                LastDeviceFlag
                0x008000ec                LastDiscrepancy
                0x008000ed                PROVIDE (__bss_end, .)
                0x000013e6                __data_load_start = LOADADDR (.data)
                0x00001420                __data_load_end = (__data_load_start + SIZEOF (.data))

.noinit         0x008000ed        0x0
                0x008000ed                PROVIDE (__noinit_start, .)
 *(.noinit*)
                0x008000ed                PROVIDE (__noinit_end, .)
                0x008000ed                _end = .
                0x008000ed                PROVIDE (__heap_start, .)

.eeprom         0x00810000        0x0
 *(.eeprom*)
                0x00810000                __eeprom_end = .

.fuse
 *(.fuse)
 *(.lfuse)
 *(.hfuse)
 *(.efuse)

.lock
 *(.lock*)

.signature
 *(.signature*)

.user_signatures
 *(.user_signatures*)

.stab           0x00000000     0x4398
 *(.stab)
 .stab          0x00000000      0xdc8 ./DS18B20.o
 .stab          0x00000dc8     0x1080 ./LCD.o
                               0x126c (size before relaxing)
 .stab          0x00001e48      0x4d4 ./Messages.o
                                0x69c (size before relaxing)
 .stab          0x0000231c      0x54c ./Timers.o
                                0x714 (size before relaxing)
 .stab          0x00002868      0x540 ./keyboard.o
                                0x708 (size before relaxing)
 .stab          0x00002da8      0x3cc ./main.o
                                0x5e8 (size before relaxing)
 .stab          0x00003174      0x7a4 ./menu.o
                                0x9b4 (size before relaxing)
 .stab          0x00003918      0x420 ./my_uart.o
                                0x60c (size before relaxing)
 .stab          0x00003d38      0x660 ./somthing.o
                                0x870 (size before relaxing)

.stabstr        0x00000000     0x18f5
 *(.stabstr)
 .stabstr       0x00000000     0x18f5 ./DS18B20.o

.stab.excl
 *(.stab.excl)

.stab.exclstr
 *(.stab.exclstr)

.stab.index
 *(.stab.index)

.stab.indexstr
 *(.stab.indexstr)

.comment        0x00000000       0x11
 *(.comment)
 .comment       0x00000000       0x11 ./DS18B20.o
                                 0x12 (size before relaxing)
 .comment       0x00000000       0x12 ./LCD.o
 .comment       0x00000000       0x12 ./Messages.o
 .comment       0x00000000       0x12 ./Timers.o
 .comment       0x00000000       0x12 ./keyboard.o
 .comment       0x00000000       0x12 ./main.o
 .comment       0x00000000       0x12 ./menu.o
 .comment       0x00000000       0x12 ./my_uart.o
 .comment       0x00000000       0x12 ./somthing.o

.debug
 *(.debug)

.line
 *(.line)

.debug_srcinfo
 *(.debug_srcinfo)

.debug_sfnames
 *(.debug_sfnames)

.debug_aranges  0x00000000       0xa0
 *(.debug_aranges)
 .debug_aranges
                0x00000000       0x20 /usr/local/CrossPack-AVR-20131216/lib/gcc/avr/4.8.1/avr5/libgcc.a(_udivmodhi4.o)
 .debug_aranges
                0x00000020       0x20 /usr/local/CrossPack-AVR-20131216/lib/gcc/avr/4.8.1/avr5/libgcc.a(_exit.o)
 .debug_aranges
                0x00000040       0x20 /usr/local/CrossPack-AVR-20131216/lib/gcc/avr/4.8.1/avr5/libgcc.a(_tablejump.o)
 .debug_aranges
                0x00000060       0x20 /usr/local/CrossPack-AVR-20131216/lib/gcc/avr/4.8.1/avr5/libgcc.a(_copy_data.o)
 .debug_aranges
                0x00000080       0x20 /usr/local/CrossPack-AVR-20131216/lib/gcc/avr/4.8.1/avr5/libgcc.a(_clear_bss.o)

.debug_pubnames
 *(.debug_pubnames)

.debug_info     0x00000000      0x3b6
 *(.debug_info)
 .debug_info    0x00000000       0xbe /usr/local/CrossPack-AVR-20131216/lib/gcc/avr/4.8.1/avr5/libgcc.a(_udivmodhi4.o)
 .debug_info    0x000000be       0xbe /usr/local/CrossPack-AVR-20131216/lib/gcc/avr/4.8.1/avr5/libgcc.a(_exit.o)
 .debug_info    0x0000017c       0xbe /usr/local/CrossPack-AVR-20131216/lib/gcc/avr/4.8.1/avr5/libgcc.a(_tablejump.o)
 .debug_info    0x0000023a       0xbe /usr/local/CrossPack-AVR-20131216/lib/gcc/avr/4.8.1/avr5/libgcc.a(_copy_data.o)
 .debug_info    0x000002f8       0xbe /usr/local/CrossPack-AVR-20131216/lib/gcc/avr/4.8.1/avr5/libgcc.a(_clear_bss.o)
 *(.gnu.linkonce.wi.*)

.debug_abbrev   0x00000000       0x64
 *(.debug_abbrev)
 .debug_abbrev  0x00000000       0x14 /usr/local/CrossPack-AVR-20131216/lib/gcc/avr/4.8.1/avr5/libgcc.a(_udivmodhi4.o)
 .debug_abbrev  0x00000014       0x14 /usr/local/CrossPack-AVR-20131216/lib/gcc/avr/4.8.1/avr5/libgcc.a(_exit.o)
 .debug_abbrev  0x00000028       0x14 /usr/local/CrossPack-AVR-20131216/lib/gcc/avr/4.8.1/avr5/libgcc.a(_tablejump.o)
 .debug_abbrev  0x0000003c       0x14 /usr/local/CrossPack-AVR-20131216/lib/gcc/avr/4.8.1/avr5/libgcc.a(_copy_data.o)
 .debug_abbrev  0x00000050       0x14 /usr/local/CrossPack-AVR-20131216/lib/gcc/avr/4.8.1/avr5/libgcc.a(_clear_bss.o)

.debug_line     0x00000000      0x1dd
 *(.debug_line)
 .debug_line    0x00000000       0x6a /usr/local/CrossPack-AVR-20131216/lib/gcc/avr/4.8.1/avr5/libgcc.a(_udivmodhi4.o)
 .debug_line    0x0000006a       0x58 /usr/local/CrossPack-AVR-20131216/lib/gcc/avr/4.8.1/avr5/libgcc.a(_exit.o)
 .debug_line    0x000000c2       0x5c /usr/local/CrossPack-AVR-20131216/lib/gcc/avr/4.8.1/avr5/libgcc.a(_tablejump.o)
 .debug_line    0x0000011e       0x61 /usr/local/CrossPack-AVR-20131216/lib/gcc/avr/4.8.1/avr5/libgcc.a(_copy_data.o)
 .debug_line    0x0000017f       0x5e /usr/local/CrossPack-AVR-20131216/lib/gcc/avr/4.8.1/avr5/libgcc.a(_clear_bss.o)

.debug_frame
 *(.debug_frame)

.debug_str
 *(.debug_str)

.debug_loc
 *(.debug_loc)

.debug_macinfo
 *(.debug_macinfo)

.debug_pubtypes
 *(.debug_pubtypes)

.debug_ranges
 *(.debug_ranges)

.debug_macro
 *(.debug_macro)
OUTPUT(Everything.elf elf32-avr)
LOAD linker stubs
